initializer: spectral   selection rule: one_se
val/test FIXED: n_val=2000 from 1000000, n_test=2000 from 2000000

=== B2_40k_25ep ===
  [B2_40k_25ep] epoch   0  train   -4.22 dB  val   -4.84 dB  454.6s  alpha 0.115
  [B2_40k_25ep] epoch   1  train   -5.05 dB  val   -5.02 dB  222.7s  alpha 0.110
  [B2_40k_25ep] epoch   2  train   -5.21 dB  val   -5.16 dB  222.3s  alpha 0.121
  [B2_40k_25ep] epoch   3  train   -5.35 dB  val   -5.21 dB  219.5s  alpha 0.134
  [B2_40k_25ep] epoch   4  train   -5.50 dB  val   -5.40 dB  244.4s  alpha 0.150
  [B2_40k_25ep] epoch   5  train   -5.70 dB  val   -5.54 dB  232.7s  alpha 0.169
  [B2_40k_25ep] epoch   6  train   -5.89 dB  val   -5.72 dB  223.8s  alpha 0.180
  [B2_40k_25ep] epoch   7  train   -6.10 dB  val   -5.92 dB  234.0s  alpha 0.189
  [B2_40k_25ep] epoch   8  train   -6.32 dB  val   -6.09 dB  224.2s  alpha 0.196
  [B2_40k_25ep] epoch   9  train   -6.54 dB  val   -6.18 dB  222.2s  alpha 0.202
  [B2_40k_25ep] epoch  10  train   -6.71 dB  val   -6.32 dB  220.2s  alpha 0.206
  [B2_40k_25ep] epoch  11  train   -6.86 dB  val   -6.30 dB  221.7s  alpha 0.209
  [B2_40k_25ep] epoch  12  train   -6.99 dB  val   -6.33 dB  227.1s  alpha 0.210
  [B2_40k_25ep] epoch  13  train   -7.11 dB  val   -6.33 dB  229.0s  alpha 0.210
  [B2_40k_25ep] epoch  14  train   -7.23 dB  val   -6.30 dB  243.2s  alpha 0.210
  [B2_40k_25ep] epoch  15  train   -7.34 dB  val   -6.28 dB  252.9s  alpha 0.209
  [B2_40k_25ep] epoch  16  train   -7.44 dB  val   -6.26 dB  228.4s  alpha 0.209
  [B2_40k_25ep] epoch  17  train   -7.54 dB  val   -6.24 dB  221.3s  alpha 0.209
  [B2_40k_25ep] epoch  18  train   -7.62 dB  val   -6.20 dB  226.9s  alpha 0.209
  [B2_40k_25ep] epoch  19  train   -7.70 dB  val   -6.19 dB  219.9s  alpha 0.208
  [B2_40k_25ep] epoch  20  train   -7.77 dB  val   -6.17 dB  218.2s  alpha 0.208
  [B2_40k_25ep] epoch  21  train   -7.83 dB  val   -6.14 dB  241.2s  alpha 0.208
  [B2_40k_25ep] epoch  22  train   -7.87 dB  val   -6.14 dB  227.7s  alpha 0.208
  [B2_40k_25ep] epoch  23  train   -7.90 dB  val   -6.12 dB  247.3s  alpha 0.208
  [B2_40k_25ep] epoch  24  train   -7.92 dB  val   -6.12 dB  237.3s  alpha 0.208
  [B2_40k_25ep] done in 5976.9s, chosen epoch 10 val -6.317 dB

=== B3_80k_13ep ===
  [B3_80k_13ep] epoch   0  train   -4.54 dB  val   -5.19 dB  914.6s  alpha 0.148
  [B3_80k_13ep] epoch   1  train   -5.44 dB  val   -5.46 dB  459.3s  alpha 0.169
  [B3_80k_13ep] epoch   2  train   -5.66 dB  val   -5.66 dB  457.4s  alpha 0.182
  [B3_80k_13ep] epoch   3  train   -5.92 dB  val   -5.99 dB  485.9s  alpha 0.195
  [B3_80k_13ep] epoch   4  train   -6.27 dB  val   -6.34 dB  461.9s  alpha 0.209
  [B3_80k_13ep] epoch   5  train   -6.57 dB  val   -6.55 dB  464.0s  alpha 0.219
  [B3_80k_13ep] epoch   6  train   -6.75 dB  val   -6.62 dB  466.2s  alpha 0.227
  [B3_80k_13ep] epoch   7  train   -6.89 dB  val   -6.68 dB  469.5s  alpha 0.232
  [B3_80k_13ep] epoch   8  train   -7.00 dB  val   -6.70 dB  464.7s  alpha 0.236
  [B3_80k_13ep] epoch   9  train   -7.11 dB  val   -6.71 dB  479.9s  alpha 0.237
  [B3_80k_13ep] epoch  10  train   -7.21 dB  val   -6.70 dB  487.7s  alpha 0.238
  [B3_80k_13ep] epoch  11  train   -7.28 dB  val   -6.69 dB  482.1s  alpha 0.238
  [B3_80k_13ep] epoch  12  train   -7.33 dB  val   -6.68 dB  477.7s  alpha 0.239
  [B3_80k_13ep] done in 6573.2s, chosen epoch 6 val -6.622 dB

=== B3_80k_13ep_filteronly ===
  [B3_80k_13ep_filteronly] epoch   0  train   -2.83 dB  val   -4.21 dB  633.9s  alpha 0.359
  [B3_80k_13ep_filteronly] epoch   1  train   -4.42 dB  val   -4.41 dB  179.5s  alpha 0.418
  [B3_80k_13ep_filteronly] epoch   2  train   -4.52 dB  val   -4.50 dB  169.6s  alpha 0.450
  [B3_80k_13ep_filteronly] epoch   3  train   -4.58 dB  val   -4.54 dB  170.2s  alpha 0.473
  [B3_80k_13ep_filteronly] epoch   4  train   -4.61 dB  val   -4.56 dB  168.6s  alpha 0.490
  [B3_80k_13ep_filteronly] epoch   5  train   -4.63 dB  val   -4.58 dB  166.5s  alpha 0.494
  [B3_80k_13ep_filteronly] epoch   6  train   -4.65 dB  val   -4.60 dB  165.4s  alpha 0.496
  [B3_80k_13ep_filteronly] epoch   7  train   -4.66 dB  val   -4.60 dB  178.1s  alpha 0.500
  [B3_80k_13ep_filteronly] epoch   8  train   -4.67 dB  val   -4.61 dB  186.3s  alpha 0.507
  [B3_80k_13ep_filteronly] epoch   9  train   -4.68 dB  val   -4.62 dB  181.2s  alpha 0.510
  [B3_80k_13ep_filteronly] epoch  10  train   -4.71 dB  val   -4.67 dB  180.6s  alpha 0.513
  [B3_80k_13ep_filteronly] epoch  11  train   -4.75 dB  val   -4.68 dB  171.5s  alpha 0.515
  [B3_80k_13ep_filteronly] epoch  12  train   -4.75 dB  val   -4.68 dB  165.6s  alpha 0.516
  [B3_80k_13ep_filteronly] done in 2717.5s, chosen epoch 6 val -4.596 dB

=== single test evaluation ===
  gs_spectral                     1.454 dB (median   -7.193)
  em_gs_spectral                 -0.604 dB (median   -7.448)
  linearised_ls                  -1.986 dB (median   -6.891)
  oracle_phase                   -5.247 dB (median  -11.582)
  B2_40k_25ep                    -6.301 dB (median  -10.357)
  B3_80k_13ep                    -6.583 dB (median  -10.831)
  B3_80k_13ep_filteronly         -4.718 dB (median   -7.621)

  paired vs EM-GS-spectral (negative = better):
  B2_40k_25ep                  median  -2.796 dB  CI [-3.038, -2.601]  excl0=True  <-- CLEARS 2 dB
  B3_80k_13ep                  median  -3.345 dB  CI [-3.524, -3.101]  excl0=True  <-- CLEARS 2 dB
  B3_80k_13ep_filteronly       median  -0.147 dB  CI [-0.271, -0.032]  excl0=True
  gs_spectral                  median  +0.230 dB  CI [+0.189, +0.259]  excl0=True
  linearised_ls                median  +0.545 dB  CI [+0.360, +0.680]  excl0=True
  oracle_phase                 median  -4.183 dB  CI [-4.218, -4.138]  excl0=True  <-- CLEARS 2 dB

wrote reports/trackD_stage2_results.json
